// Jest Snapshot v1, https://goo.gl/fbAQLP

exports[`<FilterTag /> should render the filter tag 1`] = `
<styled.div
  data-component-type="filter_tag"
>
  <Brick
    color="neutral"
    key="tag-type"
    margins={
      Object {
        "bottom": 4,
        "right": 8,
      }
    }
    typographyType="small"
  >
    <Text
      color="#262D33"
      isInline={true}
      tag="span"
      type="small"
    >
      Type
    </Text>
    <TagValue
      tag={
        Object {
          "fieldName": "type",
          "fieldValues": Array [
            Object {
              "label": "Product Training",
              "value": "product_training_id",
            },
            Object {
              "label": "IT Training",
              "value": "it_training_id",
            },
          ],
          "label": "Type",
          "type": "equality",
        }
      }
    />
    <styled.button
      onClick={[Function]}
    >
      <styled.span>
        ×
      </styled.span>
    </styled.button>
  </Brick>
  <Brick
    color="neutral"
    key="tag-complete_at"
    margins={
      Object {
        "bottom": 4,
        "right": 8,
      }
    }
    typographyType="small"
  >
    <Text
      color="#262D33"
      isInline={true}
      tag="span"
      type="small"
    >
      Complete date
    </Text>
    <TagValue
      tag={
        Object {
          "fieldName": "complete_at",
          "fieldValues": Array [
            Object {
              "label": "01/01/2019",
              "value": "01/01/2019",
            },
            Object {
              "label": "31/05/2019",
              "value": "31/05/2019",
            },
          ],
          "label": "Complete date",
          "type": "range",
        }
      }
    />
    <styled.button
      onClick={[Function]}
    >
      <styled.span>
        ×
      </styled.span>
    </styled.button>
  </Brick>
</styled.div>
`;
